[{"chat":{"id":"userid"}},"userid",[[{"text":"id: 1\n1⃣ name 1\ndescription 1","entities":[{"offset":0,"length":5,"type":"italic"},{"offset":9,"length":6,"type":"bold"}]},{"reply_markup":{"inline_keyboard":[[{"text":"Изменить приоритет","callback_data":"update_priority 1","hide":false}],[{"text":"Изменить название","callback_data":"update_name 1","hide":false}],[{"text":"Изменить описание","callback_data":"update_description 1","hide":false}],[{"text":"Удалить","callback_data":"delete 1","hide":false}]]}}],[{"text":"id: 2\n1⃣ name 2\ndescription 2","entities":[{"offset":16,"length":0,"type":"type"},{"offset":0,"length":5,"type":"italic"},{"offset":9,"length":6,"type":"bold"}]},{"reply_markup":{"inline_keyboard":[[{"text":"Изменить приоритет","callback_data":"update_priority 2","hide":false}],[{"text":"Изменить название","callback_data":"update_name 2","hide":false}],[{"text":"Изменить описание","callback_data":"update_description 2","hide":false}],[{"text":"Удалить","callback_data":"delete 2","hide":false}]]}}]],"Ваш актуальный список","Ваш неактуальный список"]