[[{"text":"üü¢ 1‚É£ name 1\ndescription 1","entities":[{"offset":6,"length":6,"type":"bold"}]},{"reply_markup":{"inline_keyboard":[[{"text":"–ó–∞–±—Ä–æ–Ω–∏—Ä–æ–≤–∞—Ç—å","callback_data":"book 1 userid","hide":false},{"text":"–ü–æ—É—á–∞—Å—Ç–≤–æ–≤–∞—Ç—å","callback_data":"cooperate 1 userid","hide":false}]]}}],[{"text":"üü° 1‚É£ name 2\ndescription 2\n\n—É—á–∞—Å—Ç–Ω–∏–∫–∏: @from","entities":[{"offset":6,"length":6,"type":"bold"}]},{"reply_markup":{"inline_keyboard":[[{"text":"–û—Ç–∫–∞–∑–∞—Ç—å—Å—è","callback_data":"retire 2 userid","hide":false}]]}}],[{"text":"üü° 3‚É£ name 3\ndescription 3\n\n—É—á–∞—Å—Ç–Ω–∏–∫–∏: @anotherUser","entities":[{"offset":6,"length":6,"type":"bold"},{"offset":13,"length":0,"type":"type"}]},{"reply_markup":{"inline_keyboard":[[{"text":"–ü–æ—É—á–∞—Å—Ç–≤–æ–≤–∞—Ç—å","callback_data":"cooperate 3 userid","hide":false}]]}}],[{"text":"üî¥ 1‚É£ name 4\ndescription 4\n\n–∑–∞–±—Ä–æ–Ω–∏—Ä–æ–≤–∞–ª @from","entities":[{"offset":6,"length":6,"type":"bold"}]},{"reply_markup":{"inline_keyboard":[[{"text":"–û—Ç–∫–∞–∑–∞—Ç—å—Å—è","callback_data":"retire 4 userid","hide":false}]]}}],[{"text":"üî¥ 3‚É£ name 5\ndescription 5\n\n–∑–∞–±—Ä–æ–Ω–∏—Ä–æ–≤–∞–ª @anotherUser","entities":[{"offset":6,"length":6,"type":"bold"}]},{"reply_markup":{"inline_keyboard":[]}}]]