// Vitest Snapshot v1, https://vitest.dev/guide/snapshot.html

exports[`wishlist / components / item form > should be displayed with empty inputs 1`] = `"<form class="prose flex flex-col grow-1" method="POST"><div class="flex flex-col gap-2 grow-1 mb-6"><fieldset class="fieldset"><legend class="fieldset-legend">Название</legend> <input name="name" class="input w-full bg-base-200" required="" type="text" placeholder="Название"></fieldset> <fieldset class="fieldset"><legend class="fieldset-legend">Описание</legend> Mock<!----></fieldset> <fieldset class="fieldset"><legend class="fieldset-legend">Категория</legend> <!----></fieldset><!----></div> <div class="card-actions"><button class="btn btn-neutral w-full md:flex-1" type="button">Отмена</button> <button class="btn btn-primary w-full md:flex-1" type="submit">Добавить</button></div></form>"`;

exports[`wishlist / components / item form > should prefill inputs 1`] = `
[
  "name",
]
`;
