// Vitest Snapshot v1, https://vitest.dev/guide/snapshot.html

exports[`wishlist / components / item card > should be displayed as skeleton 1`] = `"<!----><div class="card bg-base-100 md:shadow-xl"><div class="card-body prose"><h2 class="skeleton card-title">&nbsp;</h2> <p><span class="skeleton mb-px block">&nbsp;</span> <span class="skeleton mb-px block">&nbsp;</span> <span class="skeleton mb-px block">&nbsp;</span> <span class="skeleton mb-px block">&nbsp;</span></p> <div class="card-actions"><div class="skeleton btn w-full md:flex-1">&nbsp;</div> <div class="skeleton btn w-full md:flex-1">&nbsp;</div></div></div></div>"`;

exports[`wishlist / components / item card > should be displayed default 1`] = `"<!----><div class="card bg-base-100 md:shadow-xl"><div class="card-body prose"><h3 class="card-title"><!----> name</h3> <div class="prose">Mock<!----></div> <!----> <div class="card-actions pt-4"><button class="btn btn-outline btn-neutral w-full md:flex-1"><svg xmlns="http://www.w3.org/2000/svg" width="24" height="24" viewBox="0 0 24 24" fill="none" stroke="currentColor" stroke-width="2" stroke-linecap="round" stroke-linejoin="round" class="lucide-icon lucide lucide-pencil"><!----><path d="M21.174 6.812a1 1 0 0 0-3.986-3.987L3.842 16.174a2 2 0 0 0-.5.83l-1.321 4.352a.5.5 0 0 0 .623.622l4.353-1.32a2 2 0 0 0 .83-.497z"></path><!----><path d="m15 5 4 4"></path><!----><!----><!----></svg><!----> Редактировать</button> <button class="btn btn-outline btn-error w-full md:flex-1"><svg xmlns="http://www.w3.org/2000/svg" width="24" height="24" viewBox="0 0 24 24" fill="none" stroke="currentColor" stroke-width="2" stroke-linecap="round" stroke-linejoin="round" class="lucide-icon lucide lucide-trash-2"><!----><path d="M3 6h18"></path><!----><path d="M19 6v14c0 1-1 2-2 2H7c-1 0-2-1-2-2V6"></path><!----><path d="M8 6V4c0-1 1-2 2-2h4c1 0 2 1 2 2v2"></path><!----><line x1="10" x2="10" y1="11" y2="17"></line><!----><line x1="14" x2="14" y1="11" y2="17"></line><!----><!----><!----></svg><!----> Удалить</button></div><!----><!----></div></div>"`;

exports[`wishlist / components / item card > should be displayed for reordering 1`] = `"<!----><div class="card bg-base-100 md:shadow-xl cursor-grab select-none"><div class="card-body prose"><h3 class="card-title mb-0"><svg xmlns="http://www.w3.org/2000/svg" width="24" height="24" viewBox="0 0 24 24" fill="none" stroke="currentColor" stroke-width="2" stroke-linecap="round" stroke-linejoin="round" class="lucide-icon lucide lucide-grip-vertical text-base-content/50"><!----><circle cx="9" cy="12" r="1"></circle><!----><circle cx="9" cy="5" r="1"></circle><!----><circle cx="9" cy="19" r="1"></circle><!----><circle cx="15" cy="12" r="1"></circle><!----><circle cx="15" cy="5" r="1"></circle><!----><circle cx="15" cy="19" r="1"></circle><!----><!----><!----></svg><!----> name</h3> <!----><!----></div></div>"`;

exports[`wishlist / components / item card > should be displayed for reordering even in editing mode 1`] = `"<!----><div class="card bg-base-100 md:shadow-xl cursor-grab select-none"><div class="card-body prose"><h3 class="card-title mb-0"><svg xmlns="http://www.w3.org/2000/svg" width="24" height="24" viewBox="0 0 24 24" fill="none" stroke="currentColor" stroke-width="2" stroke-linecap="round" stroke-linejoin="round" class="lucide-icon lucide lucide-grip-vertical text-base-content/50"><!----><circle cx="9" cy="12" r="1"></circle><!----><circle cx="9" cy="5" r="1"></circle><!----><circle cx="9" cy="19" r="1"></circle><!----><circle cx="15" cy="12" r="1"></circle><!----><circle cx="15" cy="5" r="1"></circle><!----><circle cx="15" cy="19" r="1"></circle><!----><!----><!----></svg><!----> name</h3> <!----><!----></div></div>"`;

exports[`wishlist / components / item card > should enable editing mode 1`] = `"<!----><div class="card bg-base-100 md:shadow-xl"><div class="card-body prose">Mock<!----></div></div>"`;
