{"reply_markup":{"inline_keyboard":[[{"text":"Обновить","callback_data":"update_list userid","hide":false}],[{"text":"Отправить новые сообщения","callback_data":"force_list userid","hide":false}]]}}