// Vitest Snapshot v1, https://vitest.dev/guide/snapshot.html

exports[`telegram entities parser > should build and display tree 1`] = `"<!----><!----><!----><p class="break-words"><!----><!----><!----><b><!----><!---->ueyrghi</b><!----> <!----><!----><i><!----><!---->erogij</i><!----> <!----><!----><u><!----><!---->woeriugh</u><!----> <!----><!----><s><!----><!---->woerifrjh</s><!----> <!----><!----><code><!----><!---->woeifj</code><!----> <!----><!----><span class="text-transparent hover:text-base-content spoiler" data-entity="spoiler"><!----><!---->woeihjf</span><!----> <!----><!----><b><!----><!---->woeifn <!----><!----><s><!----><!---->woerifj</s><!----> woefij</b><!----> <!----><!----><i><!----><!---->woiefj <!----><!----><u><!----><!---->owiejf</u></i><!----><!----><u><!----><!----> weiufn</u></p><!----><!----><pre><!----><!---->oreigjnpoerkg</pre><!----><!----><blockquote class="prose"><!----><!----><!----><p class="break-words"><!----><!---->lsrgnj</p><!----><!----><p class="break-words"><!----><!---->epork<!----><!----><span class="text-transparent hover:text-base-content spoiler" data-entity="spoiler"><!----><!---->g <!----><!----><s><!----><!---->erkmg</s><!----> wpoerg</span><!----> wpoef</p></blockquote><!----><!----><p class="break-words"><!----><!----><!----><a href="https://t.me/wlkergn" data-entity="mention"><!----><!---->@wlkergn</a><!----> <!----><!----><span class="link cursor-auto" data-entity="hashtag"><!----><!---->#erkbn</span><!----> <!----><!----><span class="link cursor-auto" data-entity="cashtag"><!----><!---->$KDF</span><!----> <!----><!----><span class="link cursor-auto" data-entity="bot_command"><!----><!---->/ernm</span><!----> <!----><!----><a href="mailto:ev@jewpeorij.lnjf" data-entity="email"><!----><!---->ev@jewpeorij.lnjf</a><!----> <!----><!----><a href="https://example.com"><!----><!---->example.com</a><!----> <!----><!----><a href="tel:+12345678901" data-entity="phone_number"><!----><!---->+12345678901</a><!----> <!----><!----><a href="https://example.com" data-entity="text_link"><!----><!---->ldtkrhnj</a></p>"`;
