[{"chat":{"id":"userid"}},"userid",[{"itemId":1,"message":[{"text":"name 1\n\nüî° category","entities":[{"offset":0,"length":6,"type":"bold"}]},{"reply_markup":{"inline_keyboard":[[{"text":"–£–¥–∞–ª–∏—Ç—å","callback_data":"delete 1","hide":false}]]}}]},{"itemId":2,"message":[{"text":"name 2\ndescription 2","entities":[{"offset":7,"length":0,"type":"type"},{"offset":0,"length":6,"type":"bold"}]},{"reply_markup":{"inline_keyboard":[[{"text":"–£–¥–∞–ª–∏—Ç—å","callback_data":"delete 2","hide":false}]]}}]}],{"text":"–í–∞—à –∞–∫—Ç—É–∞–ª—å–Ω—ã–π —Å–ø–∏—Å–æ–∫\n\n–ü–æ–ª–Ω–æ—Ü–µ–Ω–Ω–æ–µ —Ä–µ–¥–∞–∫—Ç–∏—Ä–æ–≤–∞–Ω–∏–µ —Å–≤–æ–µ–≥–æ —Å–ø–∏—Å–∫–∞ –¥–æ—Å—Ç—É–ø–Ω–æ –Ω–∞ –ø–æ—Ä—Ç–∞–ª–µ","entities":[{"offset":76,"length":7,"type":"text_link","url":"https://wishlist.tmible.ru/list"}]},"–í–∞—à –Ω–µ–∞–∫—Ç—É–∞–ª—å–Ω—ã–π —Å–ø–∏—Å–æ–∫"]