// Vitest Snapshot v1, https://vitest.dev/guide/snapshot.html

exports[`categories dialog > should be rendered closed 1`] = `
<body>
  <div
    id="modal-portal"
  >
    <!---->
    <!---->
    <!---->
    <!---->
    
    <!---->
     
    <!---->
    
    <!---->
    
    
    
  </div>
  <div>
    <!---->
    <!---->
    <!---->
    <!---->
    <button
      aria-expanded="false"
      aria-haspopup="dialog"
      class="hidden"
      data-dialog-trigger=""
      data-state="closed"
      id="bits-1"
    >
      <!---->
    </button>
    
    <!---->
     
    <!---->
    
    <!---->
    
    
    
  </div>
</body>
`;

exports[`categories dialog > should be rendered opened 1`] = `
<body
  style="margin-right: 8px; --scrollbar-width: 1024px; overflow: hidden;"
>
  <div
    id="modal-portal"
  >
    <!---->
    <!---->
    <!---->
    <!---->
    <!---->
    <!---->
    <div
      class="modal-backdrop"
      data-dialog-overlay=""
      data-state="open"
      id="bits-5"
      style="pointer-events: auto;"
    >
      <!---->
    </div>
    
    
    
    <!---->
     
    <!---->
    <!---->
    <!---->
    <!---->
    <!---->
    <!---->
    <!---->
    <!---->
    <!---->
     
    <div
      aria-labelledby="bits-9"
      aria-modal="true"
      class="modal-box p-0"
      data-dialog-content=""
      data-state="open"
      id="bits-6"
      role="dialog"
      style="pointer-events: auto; outline: undefined;"
      tabindex="-1"
    >
      <div
        class="overflow-y-auto p-6"
      >
        <div
          class="flex items-start prose mb-3"
        >
          <!---->
          <div
            aria-level="2"
            class="mt-0 mr-auto"
            data-dialog-title=""
            data-state="open"
            id="bits-9"
            role="heading"
          >
            Категории
            <!---->
          </div>
          
          <!---->
           
          <!---->
          <button
            class="cursor-pointer"
            data-dialog-close=""
            data-state="open"
            id="bits-10"
            tabindex="0"
          >
            <svg
              class="lucide-icon lucide lucide-x"
              fill="none"
              height="24"
              stroke="currentColor"
              stroke-linecap="round"
              stroke-linejoin="round"
              stroke-width="2"
              viewBox="0 0 24 24"
              width="24"
              xmlns="http://www.w3.org/2000/svg"
            >
              <!---->
              <path
                d="M18 6 6 18"
              >
                
              </path>
              
              <!---->
              <path
                d="m6 6 12 12"
              >
                
              </path>
              
              <!---->
              <!---->
              
              <!---->
            </svg>
            <!---->
          </button>
          
          <!---->
        </div>
         
        <div
          class="flex items-center gap-4 mb-3"
        >
          <input
            class="input w-full bg-base-200"
            placeholder="Новая категория"
            type="text"
          />
           
          <button
            class="btn btn-primary btn-disabled"
            disabled=""
          >
            Добавить
          </button>
        </div>
         
        <div
          class="flex flex-col"
        >
          <div
            class="flex items-center justify-between rounded-lg hover:bg-base-200 pl-4"
          >
            category 1 
            <div>
              <button
                class="btn btn-ghost"
                data-testid="edit-button"
              >
                <svg
                  class="lucide-icon lucide lucide-pencil"
                  fill="none"
                  height="24"
                  stroke="currentColor"
                  stroke-linecap="round"
                  stroke-linejoin="round"
                  stroke-width="2"
                  viewBox="0 0 24 24"
                  width="24"
                  xmlns="http://www.w3.org/2000/svg"
                >
                  <!---->
                  <path
                    d="M21.174 6.812a1 1 0 0 0-3.986-3.987L3.842 16.174a2 2 0 0 0-.5.83l-1.321 4.352a.5.5 0 0 0 .623.622l4.353-1.32a2 2 0 0 0 .83-.497z"
                  >
                    
                  </path>
                  
                  <!---->
                  <path
                    d="m15 5 4 4"
                  >
                    
                  </path>
                  
                  <!---->
                  <!---->
                  
                  <!---->
                </svg>
                <!---->
              </button>
               
              <button
                class="btn btn-ghost"
                data-testid="delete-button"
              >
                <svg
                  class="lucide-icon lucide lucide-trash-2"
                  fill="none"
                  height="24"
                  stroke="currentColor"
                  stroke-linecap="round"
                  stroke-linejoin="round"
                  stroke-width="2"
                  viewBox="0 0 24 24"
                  width="24"
                  xmlns="http://www.w3.org/2000/svg"
                >
                  <!---->
                  <path
                    d="M3 6h18"
                  >
                    
                  </path>
                  
                  <!---->
                  <path
                    d="M19 6v14c0 1-1 2-2 2H7c-1 0-2-1-2-2V6"
                  >
                    
                  </path>
                  
                  <!---->
                  <path
                    d="M8 6V4c0-1 1-2 2-2h4c1 0 2 1 2 2v2"
                  >
                    
                  </path>
                  
                  <!---->
                  <line
                    x1="10"
                    x2="10"
                    y1="11"
                    y2="17"
                  >
                    
                  </line>
                  
                  <!---->
                  <line
                    x1="14"
                    x2="14"
                    y1="11"
                    y2="17"
                  >
                    
                  </line>
                  
                  <!---->
                  <!---->
                  
                  <!---->
                </svg>
                <!---->
              </button>
            </div>
            <!---->
          </div>
          <div
            class="flex items-center justify-between rounded-lg hover:bg-base-200 pl-4"
          >
            category 2 
            <div>
              <button
                class="btn btn-ghost"
                data-testid="edit-button"
              >
                <svg
                  class="lucide-icon lucide lucide-pencil"
                  fill="none"
                  height="24"
                  stroke="currentColor"
                  stroke-linecap="round"
                  stroke-linejoin="round"
                  stroke-width="2"
                  viewBox="0 0 24 24"
                  width="24"
                  xmlns="http://www.w3.org/2000/svg"
                >
                  <!---->
                  <path
                    d="M21.174 6.812a1 1 0 0 0-3.986-3.987L3.842 16.174a2 2 0 0 0-.5.83l-1.321 4.352a.5.5 0 0 0 .623.622l4.353-1.32a2 2 0 0 0 .83-.497z"
                  >
                    
                  </path>
                  
                  <!---->
                  <path
                    d="m15 5 4 4"
                  >
                    
                  </path>
                  
                  <!---->
                  <!---->
                  
                  <!---->
                </svg>
                <!---->
              </button>
               
              <button
                class="btn btn-ghost"
                data-testid="delete-button"
              >
                <svg
                  class="lucide-icon lucide lucide-trash-2"
                  fill="none"
                  height="24"
                  stroke="currentColor"
                  stroke-linecap="round"
                  stroke-linejoin="round"
                  stroke-width="2"
                  viewBox="0 0 24 24"
                  width="24"
                  xmlns="http://www.w3.org/2000/svg"
                >
                  <!---->
                  <path
                    d="M3 6h18"
                  >
                    
                  </path>
                  
                  <!---->
                  <path
                    d="M19 6v14c0 1-1 2-2 2H7c-1 0-2-1-2-2V6"
                  >
                    
                  </path>
                  
                  <!---->
                  <path
                    d="M8 6V4c0-1 1-2 2-2h4c1 0 2 1 2 2v2"
                  >
                    
                  </path>
                  
                  <!---->
                  <line
                    x1="10"
                    x2="10"
                    y1="11"
                    y2="17"
                  >
                    
                  </line>
                  
                  <!---->
                  <line
                    x1="14"
                    x2="14"
                    y1="11"
                    y2="17"
                  >
                    
                  </line>
                  
                  <!---->
                  <!---->
                  
                  <!---->
                </svg>
                <!---->
              </button>
            </div>
            <!---->
          </div>
          
        </div>
      </div>
      <!---->
    </div>
    
    
    
    
    
    
    
    <!---->
    
    
    
  </div>
  <div>
    <!---->
    <!---->
    <!---->
    <!---->
    <button
      aria-controls="bits-6"
      aria-expanded="true"
      aria-haspopup="dialog"
      class="hidden"
      data-dialog-trigger=""
      data-state="open"
      id="bits-4"
    >
      <!---->
    </button>
    
    <!---->
     
    <!---->
    
    <!---->
    
    
    
  </div>
</body>
`;
