// Vitest Snapshot v1, https://vitest.dev/guide/snapshot.html

exports[`modal portal > should be displayed 1`] = `
<body>
  <div>
    <div
      class="modal"
      id="modal-portal"
    />
    
  </div>
</body>
`;
