// Vitest Snapshot v1, https://vitest.dev/guide/snapshot.html

exports[`add page > should be displayed with "wishlist" search param 1`] = `"<div><!----><!----><div class="h-full" id="bits-6" dir="ltr" style="position: relative; --bits-scroll-area-corner-height: 0px; --bits-scroll-area-corner-width: 0px;" data-scroll-area-root=""><!----><div class="w-full h-full max-h-dvh" id="bits-7" style="overflow-x: hidden; overflow-y: scroll;" data-scroll-area-viewport=""><div id="bits-8" data-scroll-area-content="" style="min-width: undefined;"><!----><div class="flex flex-col h-full"><!----> <main class="grow-1 pt-6 md:pt-12 pb-0 md:pb-12 md:mx-6 lg:w-1/3 lg:mx-auto"><div class="card h-full md:h-auto bg-base-100 md:shadow-xl"><div class="card-body prose"><!----><!----></div></div></main></div><!----></div></div><!----> <!----><!----><!----><!----> <!----> <!----><!----><!----></div></div>"`;

exports[`add page > should be displayed without "wishlist" search param 1`] = `"<div><!----><!----><div class="h-full" id="bits-1" dir="ltr" style="position: relative; --bits-scroll-area-corner-height: 0px; --bits-scroll-area-corner-width: 0px;" data-scroll-area-root=""><!----><div class="w-full h-full max-h-dvh" id="bits-2" style="overflow-x: hidden; overflow-y: scroll;" data-scroll-area-viewport=""><div id="bits-3" data-scroll-area-content="" style="min-width: undefined;"><!----><div class="flex flex-col h-full"><!----> <main class="grow-1 pt-6 md:pt-12 pb-0 md:pb-12 md:mx-6 lg:w-1/3 lg:mx-auto"><div class="card h-full md:h-auto bg-base-100 md:shadow-xl"><div class="card-body prose"><h3 class="card-title">Что-то пошло не так</h3> <p>Запросите новую ссылку и попробуйте ещё раз</p> <a class="w-full md:flex-1 md:basis-1/3" href="https://t.me/tmible_wishlist_bot"><button class="btn btn-primary w-full">Вернуться к боту</button></a><!----><!----></div></div></main></div><!----></div></div><!----> <!----><!----><!----><!----> <!----> <!----><!----><!----></div></div>"`;
