[{"itemId":1,"message":[{"text":"name 1\ndescription 1\n\nüî° category\n\nüü¢ —Å–≤–æ–±–æ–¥–µ–Ω","entities":[{"offset":0,"length":6,"type":"bold"}]},{"reply_markup":{"inline_keyboard":[[{"text":"–ó–∞–±—Ä–æ–Ω–∏—Ä–æ–≤–∞—Ç—å","callback_data":"book 1 userid","hide":false},{"text":"–ü–æ—É—á–∞—Å—Ç–≤–æ–≤–∞—Ç—å","callback_data":"cooperate 1 userid","hide":false}]]}}]},{"itemId":2,"message":[{"text":"name 2\ndescription 2\n\nüü° —É—á–∞—Å—Ç–Ω–∏–∫–∏: @from","entities":[{"offset":0,"length":6,"type":"bold"}]},{"reply_markup":{"inline_keyboard":[[{"text":"–°–æ–∑–¥–∞—Ç—å –≥—Ä—É–ø–ø—É","callback_data":"create_group 2 userid","hide":false}],[{"text":"–û—Ç–∫–∞–∑–∞—Ç—å—Å—è","callback_data":"retire 2 userid","hide":false}]]}}]},{"itemId":3,"message":[{"text":"name 3\ndescription 3\n\nüü° —É—á–∞—Å—Ç–Ω–∏–∫–∏: @anotherUser\n–≥—Ä—É–ø–ø–∞: link","entities":[{"offset":0,"length":6,"type":"bold"},{"offset":7,"length":0,"type":"type"}]},{"reply_markup":{"inline_keyboard":[[{"text":"–ü–æ—É—á–∞—Å—Ç–≤–æ–≤–∞—Ç—å","callback_data":"cooperate 3 userid","hide":false}]]}}]},{"itemId":4,"message":[{"text":"name 4\n\nüî¥ –∑–∞–±—Ä–æ–Ω–∏—Ä–æ–≤–∞–Ω @from","entities":[{"offset":0,"length":6,"type":"bold"}]},{"reply_markup":{"inline_keyboard":[[{"text":"–û—Ç–∫–∞–∑–∞—Ç—å—Å—è","callback_data":"retire 4 userid","hide":false}]]}}]},{"itemId":5,"message":[{"text":"name 5\ndescription 5\n\nüî¥ –∑–∞–±—Ä–æ–Ω–∏—Ä–æ–≤–∞–Ω @anotherUser","entities":[{"offset":0,"length":6,"type":"bold"}]}]},{"itemId":6,"message":[{"text":"name 6\ndescription 6\n\nüü¢ —Å–≤–æ–±–æ–¥–µ–Ω\n\n‚ùóÔ∏è –¥–æ–±–∞–≤–ª–µ–Ω: @added_by","entities":[{"offset":0,"length":6,"type":"bold"}]},{"reply_markup":{"inline_keyboard":[[{"text":"–ó–∞–±—Ä–æ–Ω–∏—Ä–æ–≤–∞—Ç—å","callback_data":"book 6 userid","hide":false},{"text":"–ü–æ—É—á–∞—Å—Ç–≤–æ–≤–∞—Ç—å","callback_data":"cooperate 6 userid","hide":false}]]}}]}]