[{"itemId":1,"message":[{"text":"name 1\ndescription 1\n\n1‚É£ –ø—Ä–∏–æ—Ä–∏—Ç–µ—Ç\n\nüü¢ —Å–≤–æ–±–æ–¥–µ–Ω","entities":[{"offset":0,"length":6,"type":"bold"}]},{"reply_markup":{"inline_keyboard":[[{"text":"–ó–∞–±—Ä–æ–Ω–∏—Ä–æ–≤–∞—Ç—å","callback_data":"book 1 userid","hide":false},{"text":"–ü–æ—É—á–∞—Å—Ç–≤–æ–≤–∞—Ç—å","callback_data":"cooperate 1 userid","hide":false}],[{"text":"–û—Ç–∫–∞–∑–∞—Ç—å—Å—è","callback_data":"retire 1 userid","hide":false}]]}}]},{"itemId":2,"message":[{"text":"name 2\ndescription 2\n\n1‚É£ –ø—Ä–∏–æ—Ä–∏—Ç–µ—Ç\n\nüü° —É—á–∞—Å—Ç–Ω–∏–∫–∏: @from","entities":[{"offset":0,"length":6,"type":"bold"}]},{"reply_markup":{"inline_keyboard":[[{"text":"–ó–∞–±—Ä–æ–Ω–∏—Ä–æ–≤–∞—Ç—å","callback_data":"book 2 userid","hide":false},{"text":"–ü–æ—É—á–∞—Å—Ç–≤–æ–≤–∞—Ç—å","callback_data":"cooperate 2 userid","hide":false}],[{"text":"–û—Ç–∫–∞–∑–∞—Ç—å—Å—è","callback_data":"retire 2 userid","hide":false}]]}}]},{"itemId":3,"message":[{"text":"name 3\ndescription 3\n\n3‚É£ –ø—Ä–∏–æ—Ä–∏—Ç–µ—Ç\n\nüü° —É—á–∞—Å—Ç–Ω–∏–∫–∏: @anotherUser","entities":[{"offset":0,"length":6,"type":"bold"},{"offset":7,"length":0,"type":"type"}]},{"reply_markup":{"inline_keyboard":[[{"text":"–ó–∞–±—Ä–æ–Ω–∏—Ä–æ–≤–∞—Ç—å","callback_data":"book 3 userid","hide":false},{"text":"–ü–æ—É—á–∞—Å—Ç–≤–æ–≤–∞—Ç—å","callback_data":"cooperate 3 userid","hide":false}],[{"text":"–û—Ç–∫–∞–∑–∞—Ç—å—Å—è","callback_data":"retire 3 userid","hide":false}]]}}]},{"itemId":4,"message":[{"text":"name 4\n\n1‚É£ –ø—Ä–∏–æ—Ä–∏—Ç–µ—Ç\n\nüî¥ –∑–∞–±—Ä–æ–Ω–∏—Ä–æ–≤–∞–Ω @from","entities":[{"offset":0,"length":6,"type":"bold"}]},{"reply_markup":{"inline_keyboard":[[{"text":"–ó–∞–±—Ä–æ–Ω–∏—Ä–æ–≤–∞—Ç—å","callback_data":"book 4 userid","hide":false},{"text":"–ü–æ—É—á–∞—Å—Ç–≤–æ–≤–∞—Ç—å","callback_data":"cooperate 4 userid","hide":false}],[{"text":"–û—Ç–∫–∞–∑–∞—Ç—å—Å—è","callback_data":"retire 4 userid","hide":false}]]}}]},{"itemId":5,"message":[{"text":"name 5\ndescription 5\n\n3‚É£ –ø—Ä–∏–æ—Ä–∏—Ç–µ—Ç\n\nüî¥ –∑–∞–±—Ä–æ–Ω–∏—Ä–æ–≤–∞–Ω @anotherUser","entities":[{"offset":0,"length":6,"type":"bold"}]},{"reply_markup":{"inline_keyboard":[[{"text":"–ó–∞–±—Ä–æ–Ω–∏—Ä–æ–≤–∞—Ç—å","callback_data":"book 5 userid","hide":false},{"text":"–ü–æ—É—á–∞—Å—Ç–≤–æ–≤–∞—Ç—å","callback_data":"cooperate 5 userid","hide":false}],[{"text":"–û—Ç–∫–∞–∑–∞—Ç—å—Å—è","callback_data":"retire 5 userid","hide":false}]]}}]}]