// Vitest Snapshot v1, https://vitest.dev/guide/snapshot.html

exports[`text editor / extensions / bot command > should add input rules 1`] = `
[
  InputRule {
    "find": /\\(\\?:\\^\\|\\\\s\\)\\(\\(\\\\/\\\\S\\+\\)\\\\s\\)\\$/,
    "handler": [Function],
  },
]
`;

exports[`text editor / extensions / bot command > should add paste rules 1`] = `
[
  PasteRule {
    "find": /\\(\\?:\\^\\|\\\\s\\)\\(\\(\\\\/\\\\S\\+\\)\\\\s\\)/g,
    "handler": [Function],
  },
]
`;

exports[`text editor / extensions / bot command > should be defined 1`] = `
Mark {
  "child": null,
  "config": {
    "addCommands": [Function],
    "addInputRules": [Function],
    "addPasteRules": [Function],
    "defaultOptions": {},
    "name": "bot_command",
    "parseHTML": [Function],
    "renderHTML": [Function],
  },
  "name": "bot_command",
  "options": {},
  "parent": null,
  "storage": {},
  "type": "mark",
}
`;

exports[`text editor / extensions / bot command > should parse HTML 1`] = `
[
  {
    "tag": "span[data-entity="bot_command"]",
  },
]
`;

exports[`text editor / extensions / bot command > should render HTML 1`] = `
[
  "span",
  {
    "class": "link cursor-text",
  },
  0,
]
`;
