// Vitest Snapshot v1, https://vitest.dev/guide/snapshot.html

exports[`text editor / extensions / email > add attributes > should add attributes 1`] = `
{
  "class": {
    "default": "cursor-pointer",
  },
  "href": {
    "default": null,
    "parseHTML": [Function],
  },
  "rel": {
    "default": "noopener noreferrer nofollow",
  },
  "target": {
    "default": "_blank",
  },
}
`;

exports[`text editor / extensions / email > should add input rules 1`] = `
[
  InputRule {
    "find": /\\(\\?:\\^\\|\\\\s\\)\\(\\(\\[\\\\w\\.-\\]\\+@\\(\\?:\\[\\\\w-\\]\\+\\\\\\.\\)\\+\\[\\\\w-\\]\\{2,\\}\\)\\\\s\\)\\$/,
    "handler": [Function],
  },
]
`;

exports[`text editor / extensions / email > should add paste rules 1`] = `
[
  PasteRule {
    "find": /\\(\\?:\\^\\|\\\\s\\)\\(\\(\\[\\\\w\\.-\\]\\+@\\(\\?:\\[\\\\w-\\]\\+\\\\\\.\\)\\+\\[\\\\w-\\]\\{2,\\}\\)\\\\s\\)/g,
    "handler": [Function],
  },
]
`;

exports[`text editor / extensions / email > should be defined 1`] = `
Mark {
  "child": null,
  "config": {
    "addAttributes": [Function],
    "addCommands": [Function],
    "addInputRules": [Function],
    "addPasteRules": [Function],
    "defaultOptions": {},
    "name": "email",
    "parseHTML": [Function],
    "renderHTML": [Function],
  },
  "name": "email",
  "options": {},
  "parent": null,
  "storage": {},
  "type": "mark",
}
`;

exports[`text editor / extensions / email > should parse HTML 1`] = `
[
  {
    "tag": "a[data-entity="email"]",
  },
]
`;

exports[`text editor / extensions / email > should render HTML 1`] = `
[
  "a",
  {
    "from-argument": "attribute",
    "from-options": "attribute",
  },
  0,
]
`;
